// Jest Snapshot v1, https://goo.gl/fbAQLP

exports[`should match with snapshot 1`] = `
Array [
  <div
    className="switchPagesNav"
  >
    <a
      className="pageButton directionsButton notCurrent"
      href="/directions"
      onClick={[Function]}
    >
      <p
        className="buttonItem"
      >
        Directions
      </p>
    </a>
    <div
      className="pageButton availableButton current"
    >
      <p
        className="buttonItem"
      >
        Available Plants
      </p>
    </div>
    <a
      className="pageButton yourPlantsButton notCurrent"
      href="/your-plants"
      onClick={[Function]}
    >
      Your Plants
    </a>
  </div>,
  <section
    className="availablePlantsSection"
  >
    <div
      className="banner"
    >
      <h2>
        Available Plants
      </h2>
      <form
        className="searchForm"
      >
        <label
          htmlFor="searchPlants"
        >
          Search all plants: 
        </label>
        <input
          id="searchPlants"
          name="searchPlants"
          onChange={[Function]}
          placeholder="zz plant"
          type="text"
        />
      </form>
    </div>
    <div
      className="allPlantsContainer"
    />
  </section>,
]
`;
